Checking for new versions...

Getting ready...
Ready! You are using Stripe API Version [2026-05-27.dahlia]. Your webhook signing secret is whsec_597befb0c792c56b99ae6196ea320caf83e4d23eb791677f8caa4a721de59ce8 (^C to quit)
2026-06-14 00:28:11   --> charge.succeeded [evt_3Ti6aaRvatHdxYAo0eI18vto]
2026-06-14 00:28:11  <--  [200] POST http://localhost:8080/api/stripe/webhook [evt_3Ti6aaRvatHdxYAo0eI18vto]
2026-06-14 00:28:11   --> invoice.paid [evt_1Ti6adRvatHdxYAoASN7kmM6]
2026-06-14 00:28:11   --> payment_method.attached [evt_1Ti6adRvatHdxYAoAIe12UYE]
2026-06-14 00:28:11   --> invoice.finalized [evt_1Ti6adRvatHdxYAoTXqbO2I1]
2026-06-14 00:28:11  <--  [200] POST http://localhost:8080/api/stripe/webhook [evt_1Ti6adRvatHdxYAoASN7kmM6]
2026-06-14 00:28:11   --> checkout.session.completed [evt_1Ti6adRvatHdxYAopTYPqof6]
2026-06-14 00:28:11  <--  [200] POST http://localhost:8080/api/stripe/webhook [evt_1Ti6adRvatHdxYAoAIe12UYE]
2026-06-14 00:28:11  <--  [200] POST http://localhost:8080/api/stripe/webhook [evt_1Ti6adRvatHdxYAoTXqbO2I1]
2026-06-14 00:28:11  <--  [200] POST http://localhost:8080/api/stripe/webhook [evt_1Ti6adRvatHdxYAopTYPqof6]
2026-06-14 00:28:11   --> customer.created [evt_1Ti6adRvatHdxYAoHCcbqvXm]
2026-06-14 00:28:11  <--  [200] POST http://localhost:8080/api/stripe/webhook [evt_1Ti6adRvatHdxYAoHCcbqvXm]
2026-06-14 00:28:12   --> customer.subscription.created [evt_1Ti6adRvatHdxYAoW3UxHE4j]
2026-06-14 00:28:12  <--  [200] POST http://localhost:8080/api/stripe/webhook [evt_1Ti6adRvatHdxYAoW3UxHE4j]
2026-06-14 00:28:12   --> customer.subscription.updated [evt_1Ti6adRvatHdxYAoP3fUmncn]
2026-06-14 00:28:12  <--  [200] POST http://localhost:8080/api/stripe/webhook [evt_1Ti6adRvatHdxYAoP3fUmncn]
2026-06-14 00:28:12   --> payment_intent.succeeded [evt_3Ti6aaRvatHdxYAo0nepsvYe]
2026-06-14 00:28:12  <--  [200] POST http://localhost:8080/api/stripe/webhook [evt_3Ti6aaRvatHdxYAo0nepsvYe]
2026-06-14 00:28:12   --> payment_intent.created [evt_3Ti6aaRvatHdxYAo0PHNIGTd]
2026-06-14 00:28:12  <--  [200] POST http://localhost:8080/api/stripe/webhook [evt_3Ti6aaRvatHdxYAo0PHNIGTd]
2026-06-14 00:28:12   --> customer.updated [evt_1Ti6adRvatHdxYAoRDogizbk]
2026-06-14 00:28:12  <--  [200] POST http://localhost:8080/api/stripe/webhook [evt_1Ti6adRvatHdxYAoRDogizbk]
2026-06-14 00:28:12   --> invoice.created [evt_1Ti6aeRvatHdxYAoyWQYOnSe]
2026-06-14 00:28:12  <--  [200] POST http://localhost:8080/api/stripe/webhook [evt_1Ti6aeRvatHdxYAoyWQYOnSe]
2026-06-14 00:28:12   --> invoice.updated [evt_1Ti6aeRvatHdxYAomS1an0ju]
2026-06-14 00:28:12  <--  [200] POST http://localhost:8080/api/stripe/webhook [evt_1Ti6aeRvatHdxYAomS1an0ju]
2026-06-14 00:28:12   --> invoice.payment_succeeded [evt_1Ti6aeRvatHdxYAosUA4dq9A]
2026-06-14 00:28:12  <--  [200] POST http://localhost:8080/api/stripe/webhook [evt_1Ti6aeRvatHdxYAosUA4dq9A]
2026-06-14 00:29:15   --> invoice_payment.paid [evt_1Ti6bfRvatHdxYAo33bGe1CG]
2026-06-14 00:29:15  <--  [200] POST http://localhost:8080/api/stripe/webhook [evt_1Ti6bfRvatHdxYAo33bGe1CG]
2026-06-14 00:49:11   --> invoice.finalized [evt_1Ti6uxRvatHdxYAowLECFyZX]
2026-06-14 00:49:11   --> checkout.session.completed [evt_1Ti6uxRvatHdxYAoRrCxqQDK]
2026-06-14 00:49:11   --> invoice.paid [evt_1Ti6uxRvatHdxYAoFfSJtSOd]
2026-06-14 00:49:11   --> payment_method.attached [evt_1Ti6uxRvatHdxYAoTQkvhvrH]
2026-06-14 00:49:11  <--  [200] POST http://localhost:8080/api/stripe/webhook [evt_1Ti6uxRvatHdxYAowLECFyZX]
2026-06-14 00:49:11  <--  [200] POST http://localhost:8080/api/stripe/webhook [evt_1Ti6uxRvatHdxYAoRrCxqQDK]
2026-06-14 00:49:11  <--  [200] POST http://localhost:8080/api/stripe/webhook [evt_1Ti6uxRvatHdxYAoFfSJtSOd]
2026-06-14 00:49:11  <--  [200] POST http://localhost:8080/api/stripe/webhook [evt_1Ti6uxRvatHdxYAoTQkvhvrH]
2026-06-14 00:49:11   --> customer.created [evt_1Ti6uxRvatHdxYAoFRuAVZSr]
2026-06-14 00:49:11  <--  [200] POST http://localhost:8080/api/stripe/webhook [evt_1Ti6uxRvatHdxYAoFRuAVZSr]
2026-06-14 00:49:11   --> customer.updated [evt_1Ti6uxRvatHdxYAoYXzeriI5]
2026-06-14 00:49:11  <--  [200] POST http://localhost:8080/api/stripe/webhook [evt_1Ti6uxRvatHdxYAoYXzeriI5]
2026-06-14 00:49:11   --> customer.subscription.created [evt_1Ti6uxRvatHdxYAo1LW6zfhU]
2026-06-14 00:49:11  <--  [200] POST http://localhost:8080/api/stripe/webhook [evt_1Ti6uxRvatHdxYAo1LW6zfhU]
2026-06-14 00:49:12   --> customer.subscription.updated [evt_1Ti6uxRvatHdxYAoyQ1GtKno]
2026-06-14 00:49:12  <--  [200] POST http://localhost:8080/api/stripe/webhook [evt_1Ti6uxRvatHdxYAoyQ1GtKno]
2026-06-14 00:49:12   --> payment_intent.succeeded [evt_3Ti6urRvatHdxYAo0boMWO54]
2026-06-14 00:49:12  <--  [200] POST http://localhost:8080/api/stripe/webhook [evt_3Ti6urRvatHdxYAo0boMWO54]
2026-06-14 00:49:12   --> payment_intent.created [evt_3Ti6urRvatHdxYAo0hCO1QXI]
2026-06-14 00:49:12  <--  [200] POST http://localhost:8080/api/stripe/webhook [evt_3Ti6urRvatHdxYAo0hCO1QXI]
2026-06-14 00:49:12   --> invoice.created [evt_1Ti6uyRvatHdxYAoSOb0ld9R]
2026-06-14 00:49:12  <--  [200] POST http://localhost:8080/api/stripe/webhook [evt_1Ti6uyRvatHdxYAoSOb0ld9R]
2026-06-14 00:49:12   --> charge.succeeded [evt_3Ti6urRvatHdxYAo0uTwsJKI]
2026-06-14 00:49:12  <--  [200] POST http://localhost:8080/api/stripe/webhook [evt_3Ti6urRvatHdxYAo0uTwsJKI]
2026-06-14 00:49:12   --> invoice.updated [evt_1Ti6uyRvatHdxYAoSywUYd54]
2026-06-14 00:49:12  <--  [200] POST http://localhost:8080/api/stripe/webhook [evt_1Ti6uyRvatHdxYAoSywUYd54]
2026-06-14 00:49:12   --> invoice.payment_succeeded [evt_1Ti6uyRvatHdxYAof1qltb15]
2026-06-14 00:49:12  <--  [200] POST http://localhost:8080/api/stripe/webhook [evt_1Ti6uyRvatHdxYAof1qltb15]
2026-06-14 00:49:25   --> invoice_payment.paid [evt_1Ti6vARvatHdxYAoq3oRH7bC]
2026-06-14 00:49:25  <--  [200] POST http://localhost:8080/api/stripe/webhook [evt_1Ti6vARvatHdxYAoq3oRH7bC]
2026-06-14 00:51:02   --> invoice.finalized [evt_1Ti6wjRvatHdxYAoChKB0Q4u]
2026-06-14 00:51:02  <--  [200] POST http://localhost:8080/api/stripe/webhook [evt_1Ti6wjRvatHdxYAoChKB0Q4u]
2026-06-14 00:51:02   --> invoice.paid [evt_1Ti6wjRvatHdxYAoyIw66NkP]
2026-06-14 00:51:02  <--  [200] POST http://localhost:8080/api/stripe/webhook [evt_1Ti6wjRvatHdxYAoyIw66NkP]
2026-06-14 00:51:02   --> payment_method.attached [evt_1Ti6wkRvatHdxYAoyLBNCfdW]
2026-06-14 00:51:02  <--  [200] POST http://localhost:8080/api/stripe/webhook [evt_1Ti6wkRvatHdxYAoyLBNCfdW]
2026-06-14 00:51:02   --> checkout.session.completed [evt_1Ti6wkRvatHdxYAoF3MvVbha]
2026-06-14 00:51:02  <--  [200] POST http://localhost:8080/api/stripe/webhook [evt_1Ti6wkRvatHdxYAoF3MvVbha]
2026-06-14 00:51:02   --> customer.created [evt_1Ti6wkRvatHdxYAonasjNlkG]
2026-06-14 00:51:02   --> customer.updated [evt_1Ti6wkRvatHdxYAovAydHp7L]
2026-06-14 00:51:02  <--  [200] POST http://localhost:8080/api/stripe/webhook [evt_1Ti6wkRvatHdxYAonasjNlkG]
2026-06-14 00:51:02  <--  [200] POST http://localhost:8080/api/stripe/webhook [evt_1Ti6wkRvatHdxYAovAydHp7L]
2026-06-14 00:51:02   --> customer.subscription.created [evt_1Ti6wkRvatHdxYAoOzdw31CX]
2026-06-14 00:51:02  <--  [200] POST http://localhost:8080/api/stripe/webhook [evt_1Ti6wkRvatHdxYAoOzdw31CX]
2026-06-14 00:51:02   --> customer.subscription.updated [evt_1Ti6wkRvatHdxYAoUVeSIHRx]
2026-06-14 00:51:02  <--  [200] POST http://localhost:8080/api/stripe/webhook [evt_1Ti6wkRvatHdxYAoUVeSIHRx]
2026-06-14 00:51:02   --> payment_intent.succeeded [evt_3Ti6weRvatHdxYAo1T0bhdMs]
2026-06-14 00:51:02  <--  [200] POST http://localhost:8080/api/stripe/webhook [evt_3Ti6weRvatHdxYAo1T0bhdMs]
2026-06-14 00:51:02   --> payment_intent.created [evt_3Ti6weRvatHdxYAo15QRVVyj]
2026-06-14 00:51:02  <--  [200] POST http://localhost:8080/api/stripe/webhook [evt_3Ti6weRvatHdxYAo15QRVVyj]
2026-06-14 00:51:02   --> invoice.created [evt_1Ti6wkRvatHdxYAokWGmbhBs]
2026-06-14 00:51:02  <--  [200] POST http://localhost:8080/api/stripe/webhook [evt_1Ti6wkRvatHdxYAokWGmbhBs]
2026-06-14 00:51:02   --> charge.succeeded [evt_3Ti6weRvatHdxYAo1gwE6GS3]
2026-06-14 00:51:02  <--  [200] POST http://localhost:8080/api/stripe/webhook [evt_3Ti6weRvatHdxYAo1gwE6GS3]
2026-06-14 00:51:03   --> invoice.updated [evt_1Ti6wkRvatHdxYAoEyofSZKY]
2026-06-14 00:51:03  <--  [200] POST http://localhost:8080/api/stripe/webhook [evt_1Ti6wkRvatHdxYAoEyofSZKY]
2026-06-14 00:51:03   --> invoice.payment_succeeded [evt_1Ti6wkRvatHdxYAo6kAC2TtF]
2026-06-14 00:51:03  <--  [200] POST http://localhost:8080/api/stripe/webhook [evt_1Ti6wkRvatHdxYAo6kAC2TtF]
2026-06-14 00:51:39   --> invoice_payment.paid [evt_1Ti6xLRvatHdxYAoNORpy8lM]
2026-06-14 00:51:39  <--  [200] POST http://localhost:8080/api/stripe/webhook [evt_1Ti6xLRvatHdxYAoNORpy8lM]
2026-06-14 00:53:28   --> invoice.finalized [evt_1Ti6z6RvatHdxYAobU1OqncJ]
2026-06-14 00:53:28   --> invoice.paid [evt_1Ti6z6RvatHdxYAoi3TP2UI2]
2026-06-14 00:53:28   --> payment_method.attached [evt_1Ti6z6RvatHdxYAoUOXZDlrh]
2026-06-14 00:53:28  <--  [200] POST http://localhost:8080/api/stripe/webhook [evt_1Ti6z6RvatHdxYAobU1OqncJ]
2026-06-14 00:53:28  <--  [200] POST http://localhost:8080/api/stripe/webhook [evt_1Ti6z6RvatHdxYAoi3TP2UI2]
2026-06-14 00:53:28   --> checkout.session.completed [evt_1Ti6z6RvatHdxYAo2zItR5Zy]
2026-06-14 00:53:28  <--  [200] POST http://localhost:8080/api/stripe/webhook [evt_1Ti6z6RvatHdxYAo2zItR5Zy]
2026-06-14 00:53:28  <--  [200] POST http://localhost:8080/api/stripe/webhook [evt_1Ti6z6RvatHdxYAoUOXZDlrh]
2026-06-14 00:53:28   --> customer.created [evt_1Ti6z6RvatHdxYAoSkM1IGKr]
2026-06-14 00:53:28  <--  [200] POST http://localhost:8080/api/stripe/webhook [evt_1Ti6z6RvatHdxYAoSkM1IGKr]
2026-06-14 00:53:28   --> customer.updated [evt_1Ti6z6RvatHdxYAoqIYgUG0q]
2026-06-14 00:53:28  <--  [200] POST http://localhost:8080/api/stripe/webhook [evt_1Ti6z6RvatHdxYAoqIYgUG0q]
2026-06-14 00:53:28   --> customer.subscription.created [evt_1Ti6z6RvatHdxYAoB3u2kPYY]
2026-06-14 00:53:29  <--  [200] POST http://localhost:8080/api/stripe/webhook [evt_1Ti6z6RvatHdxYAoB3u2kPYY]
2026-06-14 00:53:29   --> customer.subscription.updated [evt_1Ti6z7RvatHdxYAor8EcQUsL]
2026-06-14 00:53:30  <--  [200] POST http://localhost:8080/api/stripe/webhook [evt_1Ti6z7RvatHdxYAor8EcQUsL]
2026-06-14 00:53:30   --> payment_intent.succeeded [evt_3Ti6z0RvatHdxYAo16aUhiM3]
2026-06-14 00:53:31  <--  [200] POST http://localhost:8080/api/stripe/webhook [evt_3Ti6z0RvatHdxYAo16aUhiM3]
2026-06-14 00:53:33   --> payment_intent.created [evt_3Ti6z0RvatHdxYAo19KueIng]
2026-06-14 00:53:33  <--  [200] POST http://localhost:8080/api/stripe/webhook [evt_3Ti6z0RvatHdxYAo19KueIng]
2026-06-14 00:53:35   --> invoice.created [evt_1Ti6zDRvatHdxYAoAAl3eF2h]
2026-06-14 00:53:35  <--  [200] POST http://localhost:8080/api/stripe/webhook [evt_1Ti6zDRvatHdxYAoAAl3eF2h]
2026-06-14 00:53:35   --> charge.succeeded [evt_3Ti6z0RvatHdxYAo1T9EYS1o]
2026-06-14 00:53:35  <--  [200] POST http://localhost:8080/api/stripe/webhook [evt_3Ti6z0RvatHdxYAo1T9EYS1o]
2026-06-14 00:53:35   --> invoice.updated [evt_1Ti6zDRvatHdxYAo6HmQVoEY]
2026-06-14 00:53:35  <--  [200] POST http://localhost:8080/api/stripe/webhook [evt_1Ti6zDRvatHdxYAo6HmQVoEY]
2026-06-14 00:53:35   --> invoice.payment_succeeded [evt_1Ti6zDRvatHdxYAoaS9Bxpwe]
2026-06-14 00:53:35  <--  [200] POST http://localhost:8080/api/stripe/webhook [evt_1Ti6zDRvatHdxYAoaS9Bxpwe]
2026-06-14 00:54:31   --> invoice_payment.paid [evt_1Ti707RvatHdxYAonTZxFpZZ]
2026-06-14 00:54:31  <--  [200] POST http://localhost:8080/api/stripe/webhook [evt_1Ti707RvatHdxYAonTZxFpZZ]
2026-06-14 01:23:15   --> invoice.finalized [evt_1Ti7RvRvatHdxYAotowlX1VZ]
2026-06-14 01:23:15   --> invoice.paid [evt_1Ti7RvRvatHdxYAomhKJNyMO]
2026-06-14 01:23:15   --> payment_method.attached [evt_1Ti7RvRvatHdxYAoeao3wHYH]
2026-06-14 01:23:15   --> checkout.session.completed [evt_1Ti7RvRvatHdxYAogguSLppA]
2026-06-14 01:23:15   --> customer.created [evt_1Ti7RvRvatHdxYAoygIxhWFT]
2026-06-14 01:23:15  <--  [200] POST http://localhost:8080/api/stripe/webhook [evt_1Ti7RvRvatHdxYAoeao3wHYH]
2026-06-14 01:23:15  <--  [200] POST http://localhost:8080/api/stripe/webhook [evt_1Ti7RvRvatHdxYAotowlX1VZ]
2026-06-14 01:23:15  <--  [200] POST http://localhost:8080/api/stripe/webhook [evt_1Ti7RvRvatHdxYAomhKJNyMO]
2026-06-14 01:23:15  <--  [200] POST http://localhost:8080/api/stripe/webhook [evt_1Ti7RvRvatHdxYAoygIxhWFT]
2026-06-14 01:23:16   --> customer.updated [evt_1Ti7RvRvatHdxYAo4ER8tz3H]
2026-06-14 01:23:16  <--  [200] POST http://localhost:8080/api/stripe/webhook [evt_1Ti7RvRvatHdxYAo4ER8tz3H]
2026-06-14 01:23:16  <--  [200] POST http://localhost:8080/api/stripe/webhook [evt_1Ti7RvRvatHdxYAogguSLppA]
2026-06-14 01:23:16   --> customer.subscription.created [evt_1Ti7RvRvatHdxYAozYQHgkvg]
2026-06-14 01:23:16  <--  [200] POST http://localhost:8080/api/stripe/webhook [evt_1Ti7RvRvatHdxYAozYQHgkvg]
2026-06-14 01:23:16   --> customer.subscription.updated [evt_1Ti7RwRvatHdxYAo5oKyUWRt]
2026-06-14 01:23:16  <--  [200] POST http://localhost:8080/api/stripe/webhook [evt_1Ti7RwRvatHdxYAo5oKyUWRt]
2026-06-14 01:23:16   --> payment_intent.succeeded [evt_3Ti7RqRvatHdxYAo156iPlqL]
2026-06-14 01:23:16  <--  [200] POST http://localhost:8080/api/stripe/webhook [evt_3Ti7RqRvatHdxYAo156iPlqL]
2026-06-14 01:23:16   --> payment_intent.created [evt_3Ti7RqRvatHdxYAo114rfQXI]
2026-06-14 01:23:16  <--  [200] POST http://localhost:8080/api/stripe/webhook [evt_3Ti7RqRvatHdxYAo114rfQXI]
2026-06-14 01:23:16   --> invoice.created [evt_1Ti7RwRvatHdxYAo5uh0PDtX]
2026-06-14 01:23:16  <--  [200] POST http://localhost:8080/api/stripe/webhook [evt_1Ti7RwRvatHdxYAo5uh0PDtX]
2026-06-14 01:23:16   --> invoice.updated [evt_1Ti7RwRvatHdxYAoQPyIcsz0]
2026-06-14 01:23:16   --> charge.succeeded [evt_3Ti7RqRvatHdxYAo1yobQZbj]
2026-06-14 01:23:16  <--  [200] POST http://localhost:8080/api/stripe/webhook [evt_1Ti7RwRvatHdxYAoQPyIcsz0]
2026-06-14 01:23:16   --> invoice.payment_succeeded [evt_1Ti7RwRvatHdxYAoHd7aSkcW]
2026-06-14 01:23:16  <--  [200] POST http://localhost:8080/api/stripe/webhook [evt_1Ti7RwRvatHdxYAoHd7aSkcW]
2026-06-14 01:23:16  <--  [200] POST http://localhost:8080/api/stripe/webhook [evt_3Ti7RqRvatHdxYAo1yobQZbj]
2026-06-14 01:23:56   --> invoice_payment.paid [evt_1Ti7SZRvatHdxYAo9WoXZ6w4]
2026-06-14 01:23:56  <--  [200] POST http://localhost:8080/api/stripe/webhook [evt_1Ti7SZRvatHdxYAo9WoXZ6w4]
2026-06-14 01:40:42   --> customer.subscription.updated [evt_1Ti7ioRvatHdxYAokJLQT4DU]
2026-06-14 01:40:42  <--  [500] POST http://localhost:8080/api/stripe/webhook [evt_1Ti7ioRvatHdxYAokJLQT4DU]
2026-06-14 01:50:32   --> customer.subscription.updated [evt_1Ti7sKRvatHdxYAoELtCOEC0]
2026-06-14 01:50:33  <--  [200] POST http://localhost:8080/api/stripe/webhook [evt_1Ti7sKRvatHdxYAoELtCOEC0]
2026-06-14 01:55:39   --> customer.subscription.updated [evt_1Ti7xHRvatHdxYAog39tQLYD]
2026-06-14 01:55:40  <--  [200] POST http://localhost:8080/api/stripe/webhook [evt_1Ti7xHRvatHdxYAog39tQLYD]
2026-06-14 01:58:19   --> customer.subscription.updated [evt_1Ti7zqRvatHdxYAolSdCn4Rv]
2026-06-14 01:58:19  <--  [500] POST http://localhost:8080/api/stripe/webhook [evt_1Ti7zqRvatHdxYAolSdCn4Rv]
2026-06-14 01:58:47   --> customer.subscription.updated [evt_1Ti80JRvatHdxYAo7nIPymD6]
2026-06-14 01:58:47  <--  [200] POST http://localhost:8080/api/stripe/webhook [evt_1Ti80JRvatHdxYAo7nIPymD6]
2026-06-14 01:58:54   --> customer.subscription.updated [evt_1Ti80QRvatHdxYAojZGV7T9B]
2026-06-14 01:58:55  <--  [200] POST http://localhost:8080/api/stripe/webhook [evt_1Ti80QRvatHdxYAojZGV7T9B]
2026-06-14 02:58:54   --> customer.subscription.deleted [evt_1Ti8wURvatHdxYAoFKnLC1L6]
2026-06-14 02:58:54  <--  [200] POST http://localhost:8080/api/stripe/webhook [evt_1Ti8wURvatHdxYAoFKnLC1L6]
2026-06-14 03:13:51   --> invoice.finalized [evt_1Ti9AwRvatHdxYAoQgjWRHfV]
2026-06-14 03:13:51   --> invoice.paid [evt_1Ti9AwRvatHdxYAo8YOjSMJX]
2026-06-14 03:13:51   --> payment_method.attached [evt_1Ti9AxRvatHdxYAo9blob4Kw]
2026-06-14 03:13:51   --> checkout.session.completed [evt_1Ti9AxRvatHdxYAoSZ4Us9dR]
2026-06-14 03:13:51   --> customer.created [evt_1Ti9AxRvatHdxYAo41MttaZq]
2026-06-14 03:13:51   --> customer.updated [evt_1Ti9AxRvatHdxYAoj0Z8s98T]
2026-06-14 03:13:51   --> customer.subscription.created [evt_1Ti9AxRvatHdxYAo8dtHXd3S]
2026-06-14 03:13:51  <--  [200] POST http://localhost:8080/api/stripe/webhook [evt_1Ti9AxRvatHdxYAo9blob4Kw]
2026-06-14 03:13:51  <--  [200] POST http://localhost:8080/api/stripe/webhook [evt_1Ti9AwRvatHdxYAo8YOjSMJX]
2026-06-14 03:13:51  <--  [200] POST http://localhost:8080/api/stripe/webhook [evt_1Ti9AxRvatHdxYAo41MttaZq]
2026-06-14 03:13:51  <--  [200] POST http://localhost:8080/api/stripe/webhook [evt_1Ti9AwRvatHdxYAoQgjWRHfV]
2026-06-14 03:13:51  <--  [200] POST http://localhost:8080/api/stripe/webhook [evt_1Ti9AxRvatHdxYAoj0Z8s98T]
2026-06-14 03:13:51   --> customer.subscription.updated [evt_1Ti9AxRvatHdxYAoubfpOgef]
2026-06-14 03:13:51   --> payment_intent.succeeded [evt_3Ti9AqRvatHdxYAo0SpkcsdE]
2026-06-14 03:13:51  <--  [200] POST http://localhost:8080/api/stripe/webhook [evt_1Ti9AxRvatHdxYAo8dtHXd3S]
2026-06-14 03:13:51   --> payment_intent.created [evt_3Ti9AqRvatHdxYAo0Qy9CPmZ]
2026-06-14 03:13:51  <--  [200] POST http://localhost:8080/api/stripe/webhook [evt_1Ti9AxRvatHdxYAoSZ4Us9dR]
2026-06-14 03:13:51  <--  [200] POST http://localhost:8080/api/stripe/webhook [evt_1Ti9AxRvatHdxYAoubfpOgef]
2026-06-14 03:13:51  <--  [200] POST http://localhost:8080/api/stripe/webhook [evt_3Ti9AqRvatHdxYAo0SpkcsdE]
2026-06-14 03:13:51  <--  [200] POST http://localhost:8080/api/stripe/webhook [evt_3Ti9AqRvatHdxYAo0Qy9CPmZ]
2026-06-14 03:13:51   --> invoice.created [evt_1Ti9AxRvatHdxYAoUsP0KNhi]
2026-06-14 03:13:52   --> charge.succeeded [evt_3Ti9AqRvatHdxYAo0yiY6OY0]
2026-06-14 03:13:52  <--  [200] POST http://localhost:8080/api/stripe/webhook [evt_1Ti9AxRvatHdxYAoUsP0KNhi]
2026-06-14 03:13:52   --> invoice.updated [evt_1Ti9AyRvatHdxYAo3xTiVhNY]
2026-06-14 03:13:52   --> invoice.payment_succeeded [evt_1Ti9AyRvatHdxYAoYPhrDm0E]
2026-06-14 03:13:52  <--  [200] POST http://localhost:8080/api/stripe/webhook [evt_3Ti9AqRvatHdxYAo0yiY6OY0]
2026-06-14 03:13:52  <--  [200] POST http://localhost:8080/api/stripe/webhook [evt_1Ti9AyRvatHdxYAo3xTiVhNY]
2026-06-14 03:13:52  <--  [200] POST http://localhost:8080/api/stripe/webhook [evt_1Ti9AyRvatHdxYAoYPhrDm0E]
2026-06-14 03:14:41   --> invoice_payment.paid [evt_1Ti9BkRvatHdxYAodkFedhd9]
2026-06-14 03:14:41  <--  [200] POST http://localhost:8080/api/stripe/webhook [evt_1Ti9BkRvatHdxYAodkFedhd9]
